[ionicframework.com/docs/v1/index.html]
[ionicframework.com/docs/v1/img/meta/ionic-framework-og.png]
[backblue.gif]
[fade.gif]
[index.html]
[ionicframework.com/docs/v1/css/site5b83.css]
[ionicframework.com/docs/v1/img/ionic-logo-white.svg]
[ionicframework.com/docs/v1/img/symbols/docs-overview-symbol@2x.png]
[ionicframework.com/docs/v1/img/symbols/docs-components-symbol@2x.png]
[ionicframework.com/docs/v1/platform-customization/index.html]
[ionicframework.com/docs/v1/overview/index.html]
[ionicframework.com/docs/v1/api/index.html]
[ionicframework.com/docs/v1/components/index.html]
[ionicframework.com/docs/v1/img/symbols/docs-controllers-symbol@2x.png]
[ionicframework.com/docs/v1/guide/index.html]
[ionicframework.com/docs/v1/getting-help/index.html]
[ionicframework.com/docs/v1/ionic-cli-faq/index.html]
[ionicframework.com/docs/v1/img/symbols/docs-book-symbol@2x.png]
[ionicframework.com/docs/v1/img/symbols/docs-ionicons-symbol@2x.png]
[ionicframework.com/docs/v1/concepts/index.html]
[ionicframework.com/docs/v1/img/symbols/docs-inputs-symbol@2x.png]
[ionicframework.com/docs/v1/img/symbols/docs-forum-symbol@2x.png]
[ionicframework.com/docs/v1/img/symbols/docs-demos-symbol@2x.png]
[ionicframework.com/docs/v1/img/symbols/docs-cli-symbol@2x.png]
[ionicframework.com/docs/v1/js/lunr.js]
[ionicframework.com/docs/v1/js/site.js]
[ionicframework.com/docs/v1/index.html]
[ionicframework.com/docs/v1/fonts/glyphicons-halflings-regular.eot]
[ionicframework.com/docs/v1/fonts/glyphicons-halflings-regulard41d.eot]
[ionicframework.com/docs/v1/fonts/glyphicons-halflings-regular.woff]
[ionicframework.com/docs/v1/fonts/glyphicons-halflings-regular.ttf]
[ionicframework.com/docs/v1/fonts/glyphicons-halflings-regular.svg]
[ionicframework.com/docs/v1/fonts/ionicons790f.eot]
[ionicframework.com/docs/v1/fonts/ionicons790f.ttf]
[ionicframework.com/docs/v1/fonts/ionicons790f.woff]
[ionicframework.com/docs/v1/fonts/ionicons.woff]
[ionicframework.com/docs/v1/fonts/ionicons790f.svg]
[ionicframework.com/docs/v1/fonts/ionicons-v298f3.eot]
[ionicframework.com/docs/v1/fonts/ionicons-v298f3.ttf]
[ionicframework.com/docs/v1/fonts/ionicons-v298f3.woff]
[ionicframework.com/docs/v1/img/phone-case.png]
[ionicframework.com/docs/v1/fonts/ionicons-v298f3.svg]
[ionicframework.com/docs/v1/img/phone-case@2x.png]
[ionicframework.com/docs/v1/img/ionic_icon.svg]
[ionicframework.com/docs/v1/img/attention-arrow.png]
[ionicframework.com/docs/v1/img/attention-arrow@2x.png]
[ionicframework.com/docs/v1/img/ico-nav-arrow.png]
[ionicframework.com/docs/v1/css/site5b83.css]
[ionicframework.com/docs/v1/img/ionic-logo-white.svg]
[ionicframework.com/docs/v1/overview/index.html]
[ionicframework.com/docs/v1/api/directive/ionContent/index.html]
[ionicframework.com/docs/v1/img/venkman.jpg]
[ionicframework.com/docs/v1/img/spengler.jpg]
[ionicframework.com/docs/v1/img/stantz.jpg]
[ionicframework.com/docs/v1/api/directive/ionList/index.html]
[ionicframework.com/docs/v1/img/winston.jpg]
[ionicframework.com/docs/v1/img/tully.jpg]
[ionicframework.com/docs/v1/img/barrett.jpg]
[ionicframework.com/docs/v1/img/slimer.jpg]
[ionicframework.com/docs/v1/img/blue-album.jpg]
[ionicframework.com/docs/v1/img/siamese-dream.jpg]
[ionicframework.com/docs/v1/img/nevermind.jpg]
[ionicframework.com/docs/v1/img/license-to-ill.jpg]
[ionicframework.com/docs/v1/img/dookie.jpg]
[ionicframework.com/docs/v1/img/mcfly.jpg]
[ionicframework.com/docs/v1/img/delorean.jpg]
[ionicframework.com/docs/v1/api/directive/ionTabs/index.html]
[ionicframework.com/docs/v1/js/css-docs-angular.js]
[ionicframework.com/docs/v1/components/index.html]
[ionicframework.com/docs/v1/platform-customization/platform-classes.html]
[ionicframework.com/docs/v1/platform-customization/styling-angularjs.html]
[ionicframework.com/docs/v1/platform-customization/index.html]
[ionicframework.com/docs/v1/api/index.html]
[ionicframework.com/docs/v1/platform-customization/dynamic-templates.html]
[ionicframework.com/docs/v1/cli/index.html]
[ionicframework.com/docs/v1/api/service/$ionicActionSheet/index.html]
[ionicframework.com/docs/v1/api/directive/ionRefresher/index.html]
[ionicframework.com/docs/v1/api/service/$ionicBackdrop/index.html]
[ionicframework.com/docs/v1/api/directive/ionPane/index.html]
[ionicframework.com/docs/v1/guide/preface.html]
[ionicframework.com/docs/v1/api/directive/ionCheckbox/index.html]
[ionicframework.com/docs/v1/api/directive/ionRadio/index.html]
[ionicframework.com/docs/v1/api/directive/ionToggle/index.html]
[ionicframework.com/docs/v1/guide/installation.html]
[ionicframework.com/docs/v1/api/directive/onHold/index.html]
[ionicframework.com/docs/v1/api/directive/onDoubleTap/index.html]
[ionicframework.com/docs/v1/api/directive/onTap/index.html]
[ionicframework.com/docs/v1/guide/starting.html]
[ionicframework.com/docs/v1/api/directive/onTouch/index.html]
[ionicframework.com/docs/v1/api/directive/onDrag/index.html]
[ionicframework.com/docs/v1/api/directive/onRelease/index.html]
[ionicframework.com/docs/v1/guide/testing.html]
[ionicframework.com/docs/v1/api/directive/onDragRight/index.html]
[ionicframework.com/docs/v1/api/directive/onDragUp/index.html]
[ionicframework.com/docs/v1/api/directive/onDragDown/index.html]
[ionicframework.com/docs/v1/guide/building.html]
[ionicframework.com/docs/v1/api/directive/onDragLeft/index.html]
[ionicframework.com/docs/v1/api/directive/onSwipeUp/index.html]
[ionicframework.com/docs/v1/api/directive/onSwipe/index.html]
[ionicframework.com/docs/v1/guide/publishing.html]
[ionicframework.com/docs/v1/api/directive/onSwipeLeft/index.html]
[ionicframework.com/docs/v1/api/directive/onSwipeDown/index.html]
[ionicframework.com/docs/v1/api/directive/onSwipeRight/index.html]
[ionicframework.com/docs/v1/img/symbols/guide/guide-what-symbol@2x.png]
[ionicframework.com/docs/v1/api/directive/ionHeaderBar/index.html]
[ionicframework.com/docs/v1/api/page/keyboard/index.html]
[ionicframework.com/docs/v1/api/directive/ionFooterBar/index.html]
[ionicframework.com/docs/v1/api/service/$ionicGesture/index.html]
[ionicframework.com/docs/v1/img/symbols/guide/guide-installation-symbol@2x.png]
[ionicframework.com/docs/v1/api/directive/keyboardAttach/index.html]
[ionicframework.com/docs/v1/api/directive/ionItem/index.html]
[ionicframework.com/docs/v1/api/directive/ionReorderButton/index.html]
[ionicframework.com/docs/v1/api/directive/ionDeleteButton/index.html]
[ionicframework.com/docs/v1/img/symbols/guide/guide-starting-symbol@2x.png]
[ionicframework.com/docs/v1/api/directive/collectionRepeat/index.html]
[ionicframework.com/docs/v1/api/directive/ionOptionButton/index.html]
[ionicframework.com/docs/v1/api/service/$ionicListDelegate/index.html]
[ionicframework.com/docs/v1/api/service/$ionicLoading/index.html]
[ionicframework.com/docs/v1/img/symbols/guide/guide-testing-symbol@2x.png]
[ionicframework.com/docs/v1/api/service/$ionicModal/index.html]
[ionicframework.com/docs/v1/api/directive/ionNavView/index.html]
[ionicframework.com/docs/v1/api/controller/ionicModal/index.html]
[ionicframework.com/docs/v1/api/object/$ionicLoadingConfig/index.html]
[ionicframework.com/docs/v1/img/symbols/guide/guide-building-symbol@2x.png]
[ionicframework.com/docs/v1/api/directive/ionView/index.html]
[ionicframework.com/docs/v1/api/directive/ionNavBar/index.html]
[ionicframework.com/docs/v1/api/directive/ionNavBackButton/index.html]
[ionicframework.com/docs/v1/api/directive/ionNavButtons/index.html]
[ionicframework.com/docs/v1/img/symbols/guide/guide-publishing-symbol@2x.png]
[ionicframework.com/docs/v1/guide/index.html]
[ionicframework.com/docs/v1/api/directive/ionNavTitle/index.html]
[ionicframework.com/docs/v1/api/directive/navTransition/index.html]
[ionicframework.com/docs/v1/api/directive/navDirection/index.html]
[ionicframework.com/docs/v1/ionic-cli-faq/index.html]
[ionicframework.com/docs/v1/api/service/$ionicNavBarDelegate/index.html]
[ionicframework.com/docs/v1/api/service/$ionicPlatform/index.html]
[ionicframework.com/docs/v1/api/service/$ionicHistory/index.html]
[ionicframework.com/docs/v1/api/service/$ionicPopover/index.html]
[ionicframework.com/docs/v1/getting-help/index.html]
[ionicframework.com/docs/v1/api/directive/ionScroll/index.html]
[ionicframework.com/docs/v1/api/directive/ionInfiniteScroll/index.html]
[ionicframework.com/docs/v1/api/service/$ionicPopup/index.html]
[ionicframework.com/docs/v1/api/controller/ionicPopover/index.html]
[ionicframework.com/docs/v1/concepts/structure.html]
[ionicframework.com/docs/v1/api/directive/ionSideMenus/index.html]
[ionicframework.com/docs/v1/api/service/$ionicScrollDelegate/index.html]
[ionicframework.com/docs/v1/api/directive/ionSideMenuContent/index.html]
[ionicframework.com/docs/v1/concepts/index.html]
[ionicframework.com/docs/v1/concepts/development.html]
[ionicframework.com/docs/v1/api/directive/ionSideMenu/index.html]
[ionicframework.com/docs/v1/api/directive/menuToggle/index.html]
[ionicframework.com/docs/v1/api/directive/exposeAsideWhen/index.html]
[ionicframework.com/docs/v1/api/directive/menuClose/index.html]
[ionicframework.com/docs/v1/api/directive/ionSlides/index.html]
[ionicframework.com/docs/v1/api/service/$ionicSideMenuDelegate/index.html]
[ionicframework.com/docs/v1/api/directive/ionSlideBox/index.html]
[ionicframework.com/docs/v1/api/directive/ionSlide/index.html]
[ionicframework.com/docs/v1/api/directive/ionSpinner/index.html]
[ionicframework.com/docs/v1/api/service/$ionicSlideBoxDelegate/index.html]
[ionicframework.com/docs/v1/api/directive/ionTab/index.html]
[ionicframework.com/docs/v1/api/service/$ionicTabsDelegate/index.html]
[ionicframework.com/docs/v1/api/page/tap/index.html]
[ionicframework.com/docs/v1/api/utility/ionic.Platform/index.html]
[ionicframework.com/docs/v1/api/utility/ionic.DomUtil/index.html]
[ionicframework.com/docs/v1/fonts/glyphicons-halflings-regular.html]
[ionicframework.com/docs/v1/fonts/glyphicons-halflings-regulard41d.html]
[ionicframework.com/docs/v1/fonts/glyphicons-halflings-regular-2.html]
[ionicframework.com/docs/v1/fonts/glyphicons-halflings-regular-3.html]
[ionicframework.com/docs/v1/fonts/glyphicons-halflings-regular-4.html]
[ionicframework.com/docs/v1/fonts/ionicons790f.svg]
[ionicframework.com/docs/v1/fonts/ionicons-v298f3.svg]
[ionicframework.com/docs/v1/img/ionic_icon.svg]
[ionicframework.com/docs/v1/api/directive/ionContent/index.html]
[ionicframework.com/docs/v1/api/directive/ionList/index.html]
[ionicframework.com/docs/v1/api/provider/$ionicConfigProvider/index.html]
[ionicframework.com/docs/v1/api/utility/ionic.EventController/index.html]
[ionicframework.com/docs/v1/api/service/$ionicPosition/index.html]
[ionicframework.com/docs/v1/api/directive/ionTabs/index.html]
[ionicframework.com/docs/v1/platform-customization/platform-classes.html]
[ionicframework.com/docs/v1/platform-customization/styling-angularjs.html]
[ionicframework.com/docs/v1/platform-customization/dynamic-templates.html]
[ionicframework.com/docs/v1/api/service/$ionicActionSheet/index.html]
[ionicframework.com/docs/v1/api/service/$ionicBackdrop/index.html]
[ionicframework.com/docs/v1/api/directive/ionRefresher/index.html]
[ionicframework.com/docs/v1/api/directive/ionPane/index.html]
[ionicframework.com/docs/v1/api/directive/ionCheckbox/index.html]
[ionicframework.com/docs/v1/api/directive/ionRadio/index.html]
[ionicframework.com/docs/v1/api/directive/ionToggle/index.html]
[ionicframework.com/docs/v1/api/directive/onHold/index.html]
[ionicframework.com/docs/v1/api/directive/onTap/index.html]
[ionicframework.com/docs/v1/api/directive/onDoubleTap/index.html]
[ionicframework.com/docs/v1/api/directive/onTouch/index.html]
[ionicframework.com/docs/v1/api/directive/onRelease/index.html]
[ionicframework.com/docs/v1/api/directive/onDrag/index.html]
[ionicframework.com/docs/v1/api/directive/onDragUp/index.html]
[ionicframework.com/docs/v1/api/directive/onDragRight/index.html]
[ionicframework.com/docs/v1/api/directive/onDragDown/index.html]
[ionicframework.com/docs/v1/api/directive/onDragLeft/index.html]
[ionicframework.com/docs/v1/api/directive/onSwipe/index.html]
[ionicframework.com/docs/v1/api/directive/onSwipeUp/index.html]
[ionicframework.com/docs/v1/api/directive/onSwipeRight/index.html]
[ionicframework.com/docs/v1/api/directive/onSwipeDown/index.html]
[ionicframework.com/docs/v1/api/directive/onSwipeLeft/index.html]
[ionicframework.com/docs/v1/api/service/$ionicGesture/index.html]
[ionicframework.com/docs/v1/api/directive/ionHeaderBar/index.html]
[ionicframework.com/docs/v1/api/directive/ionFooterBar/index.html]
[ionicframework.com/docs/v1/api/page/keyboard/index.html]
[ionicframework.com/docs/v1/api/directive/keyboardAttach/index.html]
[ionicframework.com/docs/v1/api/directive/ionItem/index.html]
[ionicframework.com/docs/v1/api/directive/ionDeleteButton/index.html]
[ionicframework.com/docs/v1/api/directive/ionReorderButton/index.html]
[ionicframework.com/docs/v1/api/directive/ionOptionButton/index.html]
[ionicframework.com/docs/v1/api/directive/collectionRepeat/index.html]
[ionicframework.com/docs/v1/api/service/$ionicListDelegate/index.html]
[ionicframework.com/docs/v1/api/service/$ionicLoading/index.html]
[ionicframework.com/docs/v1/api/object/$ionicLoadingConfig/index.html]
[ionicframework.com/docs/v1/api/service/$ionicModal/index.html]
[ionicframework.com/docs/v1/api/controller/ionicModal/index.html]
[ionicframework.com/docs/v1/api/directive/ionNavView/index.html]
[ionicframework.com/docs/v1/api/directive/ionView/index.html]
[ionicframework.com/docs/v1/api/directive/ionNavBar/index.html]
[ionicframework.com/docs/v1/api/directive/ionNavBackButton/index.html]
[ionicframework.com/docs/v1/api/directive/ionNavButtons/index.html]
[ionicframework.com/docs/v1/api/directive/ionNavTitle/index.html]
[ionicframework.com/docs/v1/api/directive/navTransition/index.html]
[ionicframework.com/docs/v1/api/directive/navDirection/index.html]
[ionicframework.com/docs/v1/api/service/$ionicNavBarDelegate/index.html]
[ionicframework.com/docs/v1/api/service/$ionicHistory/index.html]
[ionicframework.com/docs/v1/api/service/$ionicPlatform/index.html]
[ionicframework.com/docs/v1/api/service/$ionicPopover/index.html]
[ionicframework.com/docs/v1/api/controller/ionicPopover/index.html]
[ionicframework.com/docs/v1/api/service/$ionicPopup/index.html]
[ionicframework.com/docs/v1/api/directive/ionScroll/index.html]
[ionicframework.com/docs/v1/api/directive/ionInfiniteScroll/index.html]
[ionicframework.com/docs/v1/api/service/$ionicScrollDelegate/index.html]
[ionicframework.com/docs/v1/api/directive/ionSideMenus/index.html]
[ionicframework.com/docs/v1/api/directive/ionSideMenuContent/index.html]
[ionicframework.com/docs/v1/api/directive/ionSideMenu/index.html]
[ionicframework.com/docs/v1/api/directive/exposeAsideWhen/index.html]
[ionicframework.com/docs/v1/api/directive/menuToggle/index.html]
[ionicframework.com/docs/v1/api/directive/menuClose/index.html]
[ionicframework.com/docs/v1/api/service/$ionicSideMenuDelegate/index.html]
[ionicframework.com/docs/v1/api/directive/ionSlides/index.html]
[ionicframework.com/docs/v1/api/directive/ionSlideBox/index.html]
[ionicframework.com/docs/v1/api/directive/ionSlide/index.html]
[ionicframework.com/docs/v1/nightly/api/index.html]
[ionicframework.com/docs/v1/nightly/api/service/$ionicActionSheet/index.html]
[ionicframework.com/docs/v1/api/service/$ionicSlideBoxDelegate/index.html]
[ionicframework.com/docs/v1/nightly/api/service/$ionicBackdrop/index.html]
[ionicframework.com/docs/v1/docs/v1/api/directive/ionFooterBar/index.html]
[ionicframework.com/docs/v1/api/directive/ionSpinner/index.html]
[ionicframework.com/docs/v1/nightly/api/directive/ionContent/index.html]
[ionicframework.com/docs/v1/nightly/api/directive/ionRefresher/index.html]
[ionicframework.com/docs/v1/nightly/api/directive/ionCheckbox/index.html]
[ionicframework.com/docs/v1/api/directive/ionTab/index.html]
[ionicframework.com/docs/v1/nightly/api/directive/ionPane/index.html]
[ionicframework.com/docs/v1/api/service/$ionicTabsDelegate/index.html]
[ionicframework.com/docs/v1/nightly/api/directive/onHold/index.html]
[ionicframework.com/docs/v1/api/page/tap/index.html]
[ionicframework.com/docs/v1/nightly/api/directive/ionRadio/index.html]
[ionicframework.com/docs/v1/nightly/api/directive/ionToggle/index.html]
[ionicframework.com/docs/v1/nightly/api/directive/onTap/index.html]
[ionicframework.com/docs/v1/api/provider/$ionicConfigProvider/index.html]
[ionicframework.com/docs/v1/nightly/api/directive/onDoubleTap/index.html]
[ionicframework.com/docs/v1/api/utility/ionic.Platform/index.html]
[ionicframework.com/docs/v1/nightly/api/directive/onDrag/index.html]
[ionicframework.com/docs/v1/nightly/api/directive/onTouch/index.html]
[ionicframework.com/docs/v1/nightly/api/directive/onRelease/index.html]
[ionicframework.com/docs/v1/api/utility/ionic.DomUtil/index.html]
[ionicframework.com/docs/v1/nightly/api/directive/onDragUp/index.html]
[ionicframework.com/docs/v1/api/utility/ionic.EventController/index.html]
[ionicframework.com/docs/v1/nightly/api/directive/onDragDown/index.html]
[ionicframework.com/docs/v1/nightly/api/directive/onDragLeft/index.html]
[ionicframework.com/docs/v1/api/service/$ionicPosition/index.html]
[ionicframework.com/docs/v1/nightly/api/directive/onDragRight/index.html]
[ionicframework.com/docs/v1/guide/preface.html]
[ionicframework.com/docs/v1/nightly/api/directive/onSwipe/index.html]
[ionicframework.com/docs/v1/nightly/api/directive/onSwipeUp/index.html]
[ionicframework.com/docs/v1/nightly/api/directive/onSwipeRight/index.html]
[ionicframework.com/docs/v1/guide/installation.html]
[ionicframework.com/docs/v1/nightly/api/directive/onSwipeDown/index.html]
[ionicframework.com/docs/v1/nightly/api/directive/onSwipeLeft/index.html]
[ionicframework.com/docs/v1/nightly/api/directive/ionHeaderBar/index.html]
[ionicframework.com/docs/v1/nightly/api/service/$ionicGesture/index.html]
[ionicframework.com/docs/v1/guide/starting.html]
[ionicframework.com/docs/v1/nightly/api/directive/ionList/index.html]
[ionicframework.com/docs/v1/nightly/api/page/keyboard/index.html]
[ionicframework.com/docs/v1/nightly/api/directive/keyboardAttach/index.html]
[ionicframework.com/docs/v1/guide/testing.html]
[ionicframework.com/docs/v1/nightly/api/directive/ionFooterBar/index.html]
[ionicframework.com/docs/v1/guide/building.html]
[ionicframework.com/docs/v1/nightly/api/directive/ionItem/index.html]
[ionicframework.com/docs/v1/nightly/api/directive/ionDeleteButton/index.html]
[ionicframework.com/docs/v1/nightly/api/directive/ionReorderButton/index.html]
[ionicframework.com/docs/v1/guide/publishing.html]
[ionicframework.com/docs/v1/nightly/api/directive/ionOptionButton/index.html]
[ionicframework.com/docs/v1/nightly/api/directive/collectionRepeat/index.html]
[ionicframework.com/docs/v1/nightly/api/service/$ionicLoading/index.html]
[ionicframework.com/docs/v1/nightly/api/service/$ionicListDelegate/index.html]
[ionicframework.com/docs/v1/nightly/api/object/$ionicLoadingConfig/index.html]
[ionicframework.com/docs/v1/nightly/api/service/$ionicModal/index.html]
[ionicframework.com/docs/v1/nightly/api/controller/ionicModal/index.html]
[ionicframework.com/docs/v1/nightly/api/directive/ionNavView/index.html]
[ionicframework.com/docs/v1/nightly/api/directive/ionView/index.html]
[ionicframework.com/docs/v1/nightly/api/directive/ionNavBar/index.html]
[ionicframework.com/docs/v1/nightly/api/directive/ionNavBackButton/index.html]
[ionicframework.com/docs/v1/nightly/api/directive/ionNavButtons/index.html]
[ionicframework.com/docs/v1/concepts/structure.html]
[ionicframework.com/docs/v1/nightly/api/directive/navTransition/index.html]
[ionicframework.com/docs/v1/nightly/api/directive/navDirection/index.html]
[ionicframework.com/docs/v1/concepts/development.html]
[ionicframework.com/docs/v1/nightly/api/directive/ionNavTitle/index.html]
[ionicframework.com/docs/v1/docs/v1/api/directive/ionFooterBar/index.html]
[ionicframework.com/docs/v1/nightly/api/service/$ionicNavBarDelegate/index.html]
[ionicframework.com/docs/v1/nightly/api/service/$ionicPlatform/index.html]
[ionicframework.com/docs/v1/nightly/api/index.html]
[ionicframework.com/docs/v1/nightly/api/service/$ionicHistory/index.html]
[ionicframework.com/docs/v1/nightly/api/service/$ionicPopover/index.html]
[ionicframework.com/docs/v1/nightly/api/service/$ionicActionSheet/index.html]
[ionicframework.com/docs/v1/nightly/api/controller/ionicPopover/index.html]
[ionicframework.com/docs/v1/nightly/api/service/$ionicBackdrop/index.html]
[ionicframework.com/docs/v1/nightly/api/service/$ionicPopup/index.html]
[ionicframework.com/docs/v1/nightly/api/directive/ionScroll/index.html]
[ionicframework.com/docs/v1/nightly/api/directive/ionInfiniteScroll/index.html]
[ionicframework.com/docs/v1/nightly/api/directive/ionContent/index.html]
[ionicframework.com/docs/v1/nightly/api/service/$ionicScrollDelegate/index.html]
[ionicframework.com/docs/v1/nightly/api/directive/ionRefresher/index.html]
[ionicframework.com/docs/v1/nightly/api/directive/ionSideMenu/index.html]
[ionicframework.com/docs/v1/nightly/api/directive/ionSideMenuContent/index.html]
[ionicframework.com/docs/v1/nightly/api/directive/ionPane/index.html]
[ionicframework.com/docs/v1/nightly/api/directive/ionSideMenus/index.html]
[ionicframework.com/docs/v1/nightly/api/directive/exposeAsideWhen/index.html]
[ionicframework.com/docs/v1/nightly/api/directive/ionCheckbox/index.html]
[ionicframework.com/docs/v1/nightly/api/directive/menuClose/index.html]
[ionicframework.com/docs/v1/nightly/api/directive/ionRadio/index.html]
[ionicframework.com/docs/v1/nightly/api/directive/menuToggle/index.html]
[ionicframework.com/docs/v1/nightly/api/directive/ionSlideBox/index.html]
[ionicframework.com/docs/v1/nightly/api/directive/ionToggle/index.html]
[ionicframework.com/docs/v1/nightly/api/service/$ionicSideMenuDelegate/index.html]
[ionicframework.com/docs/v1/nightly/api/directive/onHold/index.html]
[ionicframework.com/docs/v1/nightly/api/directive/ionSlides/index.html]
[ionicframework.com/docs/v1/nightly/api/directive/ionSlide/index.html]
[ionicframework.com/docs/v1/nightly/api/directive/onTap/index.html]
[ionicframework.com/docs/v1/nightly/api/service/$ionicSlideBoxDelegate/index.html]
[ionicframework.com/docs/v1/nightly/api/directive/onDoubleTap/index.html]
[ionicframework.com/docs/v1/nightly/api/directive/ionSpinner/index.html]
[ionicframework.com/docs/v1/nightly/api/directive/ionTabs/index.html]
[ionicframework.com/docs/v1/nightly/api/directive/onTouch/index.html]
[ionicframework.com/docs/v1/nightly/api/directive/ionTab/index.html]
[ionicframework.com/docs/v1/nightly/api/service/$ionicTabsDelegate/index.html]
[ionicframework.com/docs/v1/nightly/api/directive/onRelease/index.html]
[ionicframework.com/docs/v1/nightly/api/page/tap/index.html]
[ionicframework.com/docs/v1/nightly/api/provider/$ionicConfigProvider/index.html]
[ionicframework.com/docs/v1/nightly/api/directive/onDrag/index.html]
[ionicframework.com/docs/v1/nightly/api/utility/ionic.DomUtil/index.html]
[ionicframework.com/docs/v1/nightly/api/directive/onDragUp/index.html]
[ionicframework.com/docs/v1/nightly/api/directive/onDragRight/index.html]
[ionicframework.com/docs/v1/nightly/api/directive/onDragDown/index.html]
[ionicframework.com/docs/v1/nightly/api/directive/onDragLeft/index.html]
[ionicframework.com/docs/v1/nightly/api/directive/onSwipe/index.html]
[ionicframework.com/docs/v1/nightly/api/directive/onSwipeUp/index.html]
[ionicframework.com/docs/v1/nightly/api/directive/onSwipeRight/index.html]
[ionicframework.com/docs/v1/nightly/api/directive/onSwipeDown/index.html]
[ionicframework.com/docs/v1/nightly/api/directive/onSwipeLeft/index.html]
[ionicframework.com/docs/v1/nightly/api/service/$ionicGesture/index.html]
[ionicframework.com/docs/v1/nightly/api/directive/ionHeaderBar/index.html]
[ionicframework.com/docs/v1/nightly/api/directive/ionFooterBar/index.html]
[ionicframework.com/docs/v1/nightly/api/page/keyboard/index.html]
[ionicframework.com/docs/v1/nightly/api/directive/keyboardAttach/index.html]
[ionicframework.com/docs/v1/nightly/api/utility/ionic.Platform/index.html]
[ionicframework.com/docs/v1/nightly/api/utility/ionic.EventController/index.html]
[ionicframework.com/docs/v1/nightly/api/directive/ionList/index.html]
[ionicframework.com/docs/v1/nightly/api/directive/ionItem/index.html]
[ionicframework.com/docs/v1/nightly/api/directive/ionDeleteButton/index.html]
[ionicframework.com/docs/v1/nightly/api/directive/ionReorderButton/index.html]
[ionicframework.com/docs/v1/nightly/api/directive/ionOptionButton/index.html]
[ionicframework.com/docs/v1/nightly/api/directive/collectionRepeat/index.html]
[ionicframework.com/docs/v1/nightly/api/service/$ionicListDelegate/index.html]
[ionicframework.com/docs/v1/nightly/api/service/$ionicLoading/index.html]
[ionicframework.com/docs/v1/nightly/api/object/$ionicLoadingConfig/index.html]
[ionicframework.com/docs/v1/nightly/api/service/$ionicModal/index.html]
[ionicframework.com/docs/v1/nightly/api/controller/ionicModal/index.html]
[ionicframework.com/docs/v1/nightly/api/directive/ionNavView/index.html]
[ionicframework.com/docs/v1/nightly/api/directive/ionView/index.html]
[ionicframework.com/docs/v1/nightly/api/directive/ionNavBar/index.html]
[ionicframework.com/docs/v1/nightly/api/directive/ionNavBackButton/index.html]
[ionicframework.com/docs/v1/nightly/api/directive/ionNavButtons/index.html]
[ionicframework.com/docs/v1/nightly/api/directive/ionNavTitle/index.html]
[ionicframework.com/docs/v1/nightly/api/directive/navTransition/index.html]
[ionicframework.com/docs/v1/nightly/api/directive/navDirection/index.html]
[ionicframework.com/docs/v1/nightly/api/service/$ionicNavBarDelegate/index.html]
[ionicframework.com/docs/v1/nightly/api/service/$ionicHistory/index.html]
[ionicframework.com/docs/v1/nightly/api/service/$ionicPlatform/index.html]
[ionicframework.com/docs/v1/nightly/api/service/$ionicPopover/index.html]
[ionicframework.com/docs/v1/nightly/api/controller/ionicPopover/index.html]
[ionicframework.com/docs/v1/nightly/api/service/$ionicPopup/index.html]
[ionicframework.com/docs/v1/nightly/api/directive/ionScroll/index.html]
[ionicframework.com/docs/v1/nightly/api/directive/ionInfiniteScroll/index.html]
[ionicframework.com/docs/v1/nightly/api/service/$ionicScrollDelegate/index.html]
[ionicframework.com/docs/v1/nightly/api/directive/ionSideMenus/index.html]
[ionicframework.com/docs/v1/nightly/api/directive/ionSideMenuContent/index.html]
[ionicframework.com/docs/v1/nightly/api/directive/ionSideMenu/index.html]
[ionicframework.com/docs/v1/nightly/api/directive/exposeAsideWhen/index.html]
[ionicframework.com/docs/v1/nightly/api/directive/menuToggle/index.html]
[ionicframework.com/docs/v1/nightly/api/directive/menuClose/index.html]
[ionicframework.com/docs/v1/nightly/api/service/$ionicSideMenuDelegate/index.html]
[ionicframework.com/docs/v1/nightly/api/directive/ionSlideBox/index.html]
[ionicframework.com/docs/v1/nightly/api/directive/ionSlides/index.html]
[ionicframework.com/docs/v1/nightly/api/directive/ionSlide/index.html]
[ionicframework.com/docs/v1/nightly/api/service/$ionicSlideBoxDelegate/index.html]
[ionicframework.com/docs/v1/nightly/api/directive/ionSpinner/index.html]
[ionicframework.com/docs/v1/nightly/api/service/$ionicPosition/index.html]
[ionicframework.com/docs/v1/docs/v1/nightly/api/directive/ionFooterBar/index.html]
[ionicframework.com/docs/v1/nightly/api/directive/ionTabs/index.html]
[ionicframework.com/docs/v1/nightly/api/directive/ionTab/index.html]
[ionicframework.com/docs/v1/nightly/api/service/$ionicTabsDelegate/index.html]
[ionicframework.com/docs/v1/nightly/api/page/tap/index.html]
[ionicframework.com/docs/v1/nightly/api/provider/$ionicConfigProvider/index.html]
[ionicframework.com/docs/v1/nightly/api/utility/ionic.Platform/index.html]
[ionicframework.com/docs/v1/nightly/api/utility/ionic.DomUtil/index.html]
[ionicframework.com/docs/v1/nightly/api/utility/ionic.EventController/index.html]
[ionicframework.com/docs/v1/nightly/api/service/$ionicPosition/index.html]
[ionicframework.com/docs/v1/docs/v1/nightly/api/directive/ionFooterBar/index.html]
